<html>
<body>
<pre>
<h1>µVision Build Log</h1>
<h2>Tool Versions:</h2>
IDE-Version: µVision V5.37.0.0
Copyright (C) 2022 ARM Ltd and ARM Germany GmbH. All rights reserved.
License Information: sRIKANTH Chilivery, SE, LIC=----
 
Tool Versions:
Toolchain:       MDK-Lite  Version: 5.37.0.0
Toolchain Path:  C:\Keil_v5\ARM\ARMCLANG\Bin
C Compiler:      ArmClang.exe V6.18
Assembler:       Armasm.exe V6.18
Linker/Locator:  ArmLink.exe V6.18
Library Manager: ArmAr.exe V6.18
Hex Converter:   FromElf.exe V6.18
CPU DLL:         SARMCM3.DLL V5.37.0.0
Dialog DLL:      DCM.DLL V1.17.5.0
Target DLL:      STLink\ST-LINKIII-KEIL_SWO.dll V3.0.9.0
Dialog DLL:      TCM.DLL V1.56.1.0
 
<h2>Project:</h2>
D:\MTECH\OWN RTOS\01 KEIL\WORKING GOOD\GitWork\00_BASIC_BLINKY_F411CEU6.uvprojx
Project File Date:  03/15/2024

<h2>Output:</h2>
*** Using Compiler 'V6.18', folder: 'C:\Keil_v5\ARM\ARMCLANG\Bin'
Build target 'ChiliRTOS'
Note: source file '.\osKernel.s' - object file renamed from '.\Objects\osKernel.o' to '.\Objects\oskernel_1.o'.
Note: source file '.\osKernel.s' - object file renamed from '.\Objects\osKernel.o' to '.\Objects\oskernel_1.o'.
main.c(10): warning: In file included from...
./osKernel.h(23): warning: no newline at end of file [-Wnewline-eof]
 #endif
       ^
main.c(13): warning: no previous extern declaration for non-static variable 'Taskcount0' [-Wmissing-variable-declarations]
uint32_t volatile Taskcount0=0;
                  ^
main.c(13): note: declare 'static' if the variable is not intended to be used outside of this translation unit
uint32_t volatile Taskcount0=0;
^
main.c(14): warning: no previous extern declaration for non-static variable 'Taskcount1' [-Wmissing-variable-declarations]
uint32_t volatile Taskcount1=0;
                  ^
main.c(14): note: declare 'static' if the variable is not intended to be used outside of this translation unit
uint32_t volatile Taskcount1=0;
^
main.c(15): warning: no previous extern declaration for non-static variable 'Taskcount2' [-Wmissing-variable-declarations]
uint32_t volatile Taskcount2=0;
                  ^
main.c(15): note: declare 'static' if the variable is not intended to be used outside of this translation unit
uint32_t volatile Taskcount2=0;
^
main.c(29): warning: function 'Task0' could be declared with attribute 'noreturn' [-Wmissing-noreturn]
{
^
main.c(44): warning: function 'Task1' could be declared with attribute 'noreturn' [-Wmissing-noreturn]
{
^
main.c(58): warning: function 'Task2' could be declared with attribute 'noreturn' [-Wmissing-noreturn]
{
^
main.c(165): warning: implicit conversion changes signedness: 'int' to 'unsigned int' [-Wsign-conversion]
        DELL_YELLOW_GPIO_Port->ODR &= ~DELL_YELLOW_Pin;
                                   ~~ ^~~~~~~~~~~~~~~~
main.c(175): warning: implicit conversion changes signedness: 'int' to 'unsigned int' [-Wsign-conversion]
        MY_LED_GPIO_Port->ODR &=~MY_LED_Pin;
                              ~~^~~~~~~~~~~
main.c(196): warning: implicit conversion changes signedness: 'int' to 'unsigned int' [-Wsign-conversion]
        DELL_SMALLGREEN_GPIO_Port->ODR &=~DELL_SMALLGREEN_Pin;
                                       ~~^~~~~~~~~~~~~~~~~~~~
main.c(216): warning: implicit conversion changes signedness: 'int' to 'unsigned int' [-Wsign-conversion]
        DELL_HDD_GPIO_Port->ODR &= ~DELL_HDD_Pin;
                                ~~ ^~~~~~~~~~~~~
11 warnings generated.
compiling main.c...
linking...
Program Size: Code=1808 RO-data=456 RW-data=4 ZI-data=2872  
".\Objects\00_BASIC_BLINKY_F411CEU6.axf" - 0 Error(s), 11 Warning(s).

<h2>Software Packages used:</h2>

Package Vendor: ARM
                https://www.keil.com/pack/ARM.CMSIS.6.0.0.pack
                ARM.CMSIS.6.0.0
                CMSIS (Common Microcontroller Software Interface Standard)
   * Component: CORE Version: 6.0.0

Package Vendor: Keil
                https://www.keil.com/pack/Keil.STM32F4xx_DFP.2.17.1.pack
                Keil.STM32F4xx_DFP.2.17.1
                STMicroelectronics STM32F4 Series Device Support, Drivers and Examples
   * Component: Startup Version: 2.6.3

<h2>Collection of Component include folders:</h2>
  ./RTE/_ChiliRTOS
  C:/Users/Chili/AppData/Local/Arm/Packs/ARM/CMSIS/6.0.0/CMSIS/Core/Include
  C:/Users/Chili/AppData/Local/Arm/Packs/Keil/STM32F4xx_DFP/2.17.1/Drivers/CMSIS/Device/ST/STM32F4xx/Include

<h2>Collection of Component Files used:</h2>

   * Component: ARM::CMSIS:CORE:6.0.0

   * Component: Keil::Device:Startup:2.6.3
      Source file:   MDK/Device/Source/ARM/STM32F411xx_OPT.s
      Source file:   MDK/Device/Source/ARM/STM32F4xx_OTP.s
      Include file:  Drivers/CMSIS/Device/ST/STM32F4xx/Include/stm32f4xx.h
      Source file:   Drivers/CMSIS/Device/ST/STM32F4xx/Source/Templates/arm/startup_stm32f411xe.s
      Source file:   Drivers/CMSIS/Device/ST/STM32F4xx/Source/Templates/system_stm32f4xx.c
Build Time Elapsed:  00:00:01
</pre>
</body>
</html>
